// Vitest Snapshot v1, https://vitest.dev/guide/snapshot.html

exports[`parseData > can parse 1`] = `
[
  [
    "/foo",
    "https://example.com/foo",
  ],
  [
    "/bar",
    "https://example.com/bar",
  ],
  [
    "/baz",
    "https://example.com/baz",
  ],
  [
    "/quxquxqux",
    "https://example.com/qux",
  ],
]
`;
